  TopoSort.c
D:\data-structure\map\toposort\TopoSort.c(169,11): warning C4473: “scanf_s”: 没有为格式字符串传递足够的参数
      D:\data-structure\map\toposort\TopoSort.c(169,11):
      占位符和其参数预计 2 可变参数，但提供的却是 1 参数
      D:\data-structure\map\toposort\TopoSort.c(169,11):
      缺失的可变参数 2 为格式字符串“%c”所需
      D:\data-structure\map\toposort\TopoSort.c(169,11):
      此参数用作缓冲区大小
  
D:\data-structure\map\toposort\TopoSort.c(179,11): warning C4473: “scanf_s”: 没有为格式字符串传递足够的参数
      D:\data-structure\map\toposort\TopoSort.c(179,11):
      占位符和其参数预计 2 可变参数，但提供的却是 1 参数
      D:\data-structure\map\toposort\TopoSort.c(179,11):
      缺失的可变参数 2 为格式字符串“%c”所需
      D:\data-structure\map\toposort\TopoSort.c(179,11):
      此参数用作缓冲区大小
  
D:\data-structure\map\toposort\TopoSort.c(180,11): warning C4473: “scanf_s”: 没有为格式字符串传递足够的参数
      D:\data-structure\map\toposort\TopoSort.c(180,11):
      占位符和其参数预计 2 可变参数，但提供的却是 1 参数
      D:\data-structure\map\toposort\TopoSort.c(180,11):
      缺失的可变参数 2 为格式字符串“%c”所需
      D:\data-structure\map\toposort\TopoSort.c(180,11):
      此参数用作缓冲区大小
  
  toposort.vcxproj -> D:\data-structure\map\toposort\x64\Debug\toposort.exe
