  Cross-linkedList.c
D:\data-structure\map\Cross-linked-list\Cross-linkedList.c(52,11): warning C4473: “scanf_s”: 没有为格式字符串传递足够的参数
      D:\data-structure\map\Cross-linked-list\Cross-linkedList.c(52,11):
      占位符和其参数预计 2 可变参数，但提供的却是 1 参数
      D:\data-structure\map\Cross-linked-list\Cross-linkedList.c(52,11):
      缺失的可变参数 2 为格式字符串“%c”所需
      D:\data-structure\map\Cross-linked-list\Cross-linkedList.c(52,11):
      此参数用作缓冲区大小
  
D:\data-structure\map\Cross-linked-list\Cross-linkedList.c(63,11): warning C4473: “scanf_s”: 没有为格式字符串传递足够的参数
      D:\data-structure\map\Cross-linked-list\Cross-linkedList.c(63,11):
      占位符和其参数预计 2 可变参数，但提供的却是 1 参数
      D:\data-structure\map\Cross-linked-list\Cross-linkedList.c(63,11):
      缺失的可变参数 2 为格式字符串“%c”所需
      D:\data-structure\map\Cross-linked-list\Cross-linkedList.c(63,11):
      此参数用作缓冲区大小
  
D:\data-structure\map\Cross-linked-list\Cross-linkedList.c(64,11): warning C4473: “scanf_s”: 没有为格式字符串传递足够的参数
      D:\data-structure\map\Cross-linked-list\Cross-linkedList.c(64,11):
      占位符和其参数预计 2 可变参数，但提供的却是 1 参数
      D:\data-structure\map\Cross-linked-list\Cross-linkedList.c(64,11):
      缺失的可变参数 2 为格式字符串“%c”所需
      D:\data-structure\map\Cross-linked-list\Cross-linkedList.c(64,11):
      此参数用作缓冲区大小
  
D:\data-structure\map\Cross-linked-list\Cross-linkedList.c(86,10): warning C4473: “scanf_s”: 没有为格式字符串传递足够的参数
      D:\data-structure\map\Cross-linked-list\Cross-linkedList.c(86,10):
      占位符和其参数预计 2 可变参数，但提供的却是 1 参数
      D:\data-structure\map\Cross-linked-list\Cross-linkedList.c(86,10):
      缺失的可变参数 2 为格式字符串“%c”所需
      D:\data-structure\map\Cross-linked-list\Cross-linkedList.c(86,10):
      此参数用作缓冲区大小
  
D:\data-structure\map\Cross-linked-list\Cross-linkedList.c(43,1): warning C4715: “find”: 不是所有的控件路径都返回值
  Cross-linked-list.vcxproj -> D:\data-structure\map\Cross-linked-list\x64\Debug\Cross-linked-list.exe
