  adjacencyList.c
D:\data-structure\map\adjacency-list\adjacencyList.c(46,11): warning C4473: “scanf_s”: 没有为格式字符串传递足够的参数
      D:\data-structure\map\adjacency-list\adjacencyList.c(46,11):
      占位符和其参数预计 2 可变参数，但提供的却是 1 参数
      D:\data-structure\map\adjacency-list\adjacencyList.c(46,11):
      缺失的可变参数 2 为格式字符串“%c”所需
      D:\data-structure\map\adjacency-list\adjacencyList.c(46,11):
      此参数用作缓冲区大小
  
D:\data-structure\map\adjacency-list\adjacencyList.c(55,11): warning C4473: “scanf_s”: 没有为格式字符串传递足够的参数
      D:\data-structure\map\adjacency-list\adjacencyList.c(55,11):
      占位符和其参数预计 2 可变参数，但提供的却是 1 参数
      D:\data-structure\map\adjacency-list\adjacencyList.c(55,11):
      缺失的可变参数 2 为格式字符串“%c”所需
      D:\data-structure\map\adjacency-list\adjacencyList.c(55,11):
      此参数用作缓冲区大小
  
D:\data-structure\map\adjacency-list\adjacencyList.c(56,11): warning C4473: “scanf_s”: 没有为格式字符串传递足够的参数
      D:\data-structure\map\adjacency-list\adjacencyList.c(56,11):
      占位符和其参数预计 2 可变参数，但提供的却是 1 参数
      D:\data-structure\map\adjacency-list\adjacencyList.c(56,11):
      缺失的可变参数 2 为格式字符串“%c”所需
      D:\data-structure\map\adjacency-list\adjacencyList.c(56,11):
      此参数用作缓冲区大小
  
D:\data-structure\map\adjacency-list\adjacencyList.c(82,10): warning C4473: “scanf_s”: 没有为格式字符串传递足够的参数
      D:\data-structure\map\adjacency-list\adjacencyList.c(82,10):
      占位符和其参数预计 2 可变参数，但提供的却是 1 参数
      D:\data-structure\map\adjacency-list\adjacencyList.c(82,10):
      缺失的可变参数 2 为格式字符串“%c”所需
      D:\data-structure\map\adjacency-list\adjacencyList.c(82,10):
      此参数用作缓冲区大小
  
D:\data-structure\map\adjacency-list\adjacencyList.c(38,1): warning C4715: “find”: 不是所有的控件路径都返回值
  adjacency-list.vcxproj -> D:\data-structure\map\adjacency-list\x64\Debug\adjacency-list.exe
