  DFS-adjacencyMatrix.cpp
D:\data-structure\map\DFS\DFS-adjacency-matrix\DFS-adjacencyMatrix.cpp(49,11): warning C4473: “scanf_s”: 没有为格式字符串传递足够的参数
      D:\data-structure\map\DFS\DFS-adjacency-matrix\DFS-adjacencyMatrix.cpp(49,11):
      占位符和其参数预计 2 可变参数，但提供的却是 1 参数
      D:\data-structure\map\DFS\DFS-adjacency-matrix\DFS-adjacencyMatrix.cpp(49,11):
      缺失的可变参数 2 为格式字符串“%c”所需
      D:\data-structure\map\DFS\DFS-adjacency-matrix\DFS-adjacencyMatrix.cpp(49,11):
      此参数用作缓冲区大小
  
D:\data-structure\map\DFS\DFS-adjacency-matrix\DFS-adjacencyMatrix.cpp(56,11): warning C4473: “scanf_s”: 没有为格式字符串传递足够的参数
      D:\data-structure\map\DFS\DFS-adjacency-matrix\DFS-adjacencyMatrix.cpp(56,11):
      占位符和其参数预计 2 可变参数，但提供的却是 1 参数
      D:\data-structure\map\DFS\DFS-adjacency-matrix\DFS-adjacencyMatrix.cpp(56,11):
      缺失的可变参数 2 为格式字符串“%c”所需
      D:\data-structure\map\DFS\DFS-adjacency-matrix\DFS-adjacencyMatrix.cpp(56,11):
      此参数用作缓冲区大小
  
D:\data-structure\map\DFS\DFS-adjacency-matrix\DFS-adjacencyMatrix.cpp(57,11): warning C4473: “scanf_s”: 没有为格式字符串传递足够的参数
      D:\data-structure\map\DFS\DFS-adjacency-matrix\DFS-adjacencyMatrix.cpp(57,11):
      占位符和其参数预计 2 可变参数，但提供的却是 1 参数
      D:\data-structure\map\DFS\DFS-adjacency-matrix\DFS-adjacencyMatrix.cpp(57,11):
      缺失的可变参数 2 为格式字符串“%c”所需
      D:\data-structure\map\DFS\DFS-adjacency-matrix\DFS-adjacencyMatrix.cpp(57,11):
      此参数用作缓冲区大小
  
D:\data-structure\map\DFS\DFS-adjacency-matrix\DFS-adjacencyMatrix.cpp(25,1): warning C4715: “find”: 不是所有的控件路径都返回值
  DFS-adjacency-matrix.vcxproj -> D:\data-structure\map\DFS\DFS-adjacency-matrix\x64\Debug\DFS-adjacency-matrix.exe
D:\data-structure\map\DFS\DFS-adjacency-matrix\DFS-adjacencyMatrix.cpp(46): warning C6031: 返回值被忽略: “getchar”。
D:\data-structure\map\DFS\DFS-adjacency-matrix\DFS-adjacencyMatrix.cpp(49): warning C6064: 缺少“scanf_s”的整型参数(对应于转换说明符“2”)。
D:\data-structure\map\DFS\DFS-adjacency-matrix\DFS-adjacencyMatrix.cpp(55): warning C6031: 返回值被忽略: “getchar”。
D:\data-structure\map\DFS\DFS-adjacency-matrix\DFS-adjacencyMatrix.cpp(56): warning C6064: 缺少“scanf_s”的整型参数(对应于转换说明符“2”)。
D:\data-structure\map\DFS\DFS-adjacency-matrix\DFS-adjacencyMatrix.cpp(57): warning C6064: 缺少“scanf_s”的整型参数(对应于转换说明符“2”)。
