  multipleAdjacencyList.c
D:\data-structure\map\multiple-adjacency-list\multipleAdjacencyList.c(43,11): warning C4473: “scanf_s”: 没有为格式字符串传递足够的参数
      D:\data-structure\map\multiple-adjacency-list\multipleAdjacencyList.c(43,11):
      占位符和其参数预计 2 可变参数，但提供的却是 1 参数
      D:\data-structure\map\multiple-adjacency-list\multipleAdjacencyList.c(43,11):
      缺失的可变参数 2 为格式字符串“%c”所需
      D:\data-structure\map\multiple-adjacency-list\multipleAdjacencyList.c(43,11):
      此参数用作缓冲区大小
  
D:\data-structure\map\multiple-adjacency-list\multipleAdjacencyList.c(51,11): warning C4473: “scanf_s”: 没有为格式字符串传递足够的参数
      D:\data-structure\map\multiple-adjacency-list\multipleAdjacencyList.c(51,11):
      占位符和其参数预计 2 可变参数，但提供的却是 1 参数
      D:\data-structure\map\multiple-adjacency-list\multipleAdjacencyList.c(51,11):
      缺失的可变参数 2 为格式字符串“%c”所需
      D:\data-structure\map\multiple-adjacency-list\multipleAdjacencyList.c(51,11):
      此参数用作缓冲区大小
  
D:\data-structure\map\multiple-adjacency-list\multipleAdjacencyList.c(52,11): warning C4473: “scanf_s”: 没有为格式字符串传递足够的参数
      D:\data-structure\map\multiple-adjacency-list\multipleAdjacencyList.c(52,11):
      占位符和其参数预计 2 可变参数，但提供的却是 1 参数
      D:\data-structure\map\multiple-adjacency-list\multipleAdjacencyList.c(52,11):
      缺失的可变参数 2 为格式字符串“%c”所需
      D:\data-structure\map\multiple-adjacency-list\multipleAdjacencyList.c(52,11):
      此参数用作缓冲区大小
  
D:\data-structure\map\multiple-adjacency-list\multipleAdjacencyList.c(72,10): warning C4473: “scanf_s”: 没有为格式字符串传递足够的参数
      D:\data-structure\map\multiple-adjacency-list\multipleAdjacencyList.c(72,10):
      占位符和其参数预计 2 可变参数，但提供的却是 1 参数
      D:\data-structure\map\multiple-adjacency-list\multipleAdjacencyList.c(72,10):
      缺失的可变参数 2 为格式字符串“%c”所需
      D:\data-structure\map\multiple-adjacency-list\multipleAdjacencyList.c(72,10):
      此参数用作缓冲区大小
  
D:\data-structure\map\multiple-adjacency-list\multipleAdjacencyList.c(34,1): warning C4715: “find”: 不是所有的控件路径都返回值
  multiple-adjacency-list.vcxproj -> D:\data-structure\map\multiple-adjacency-list\x64\Debug\multiple-adjacency-list.exe
